// Jest Snapshot v1, https://goo.gl/fbAQLP

exports[`application-client Errors Display nice error messages when there is a logic error 3`] = `
"{
  "trace": {
    "approval-program-hash": "z5KBLQgSUnDuq0IhQC+7mpGev/ofvetqzAQavr0hGSo=",
    "approval-program-trace": [
      {
        "pc": 1
      },
      {
        "pc": 9
      },
      {
        "pc": 17,
        "stack-additions": [
          {
            "type": 2,
            "uint": 1
          }
        ]
      },
      {
        "pc": 19,
        "stack-additions": [
          {
            "type": 2
          }
        ]
      },
      {
        "pc": 20,
        "stack-additions": [
          {
            "type": 2
          }
        ],
        "stack-pop-count": 2
      },
      {
        "pc": 21,
        "stack-pop-count": 1
      },
      {
        "pc": 24,
        "stack-additions": [
          {
            "type": 1,
            "bytes": "RNDaDQ=="
          }
        ]
      },
      {
        "pc": 27,
        "stack-additions": [
          {
            "type": 1,
            "bytes": "8X6ApQ=="
          }
        ]
      },
      {
        "pc": 33,
        "stack-additions": [
          {
            "type": 2
          }
        ],
        "stack-pop-count": 2
      },
      {
        "pc": 34,
        "stack-pop-count": 1
      },
      {
        "pc": 37,
        "stack-additions": [
          {
            "type": 1,
            "bytes": "RNDaDQ=="
          }
        ]
      },
      {
        "pc": 40,
        "stack-additions": [
          {
            "type": 1,
            "bytes": "CpKoHg=="
          }
        ]
      },
      {
        "pc": 46,
        "stack-additions": [
          {
            "type": 2
          }
        ],
        "stack-pop-count": 2
      },
      {
        "pc": 47,
        "stack-pop-count": 1
      },
      {
        "pc": 50,
        "stack-additions": [
          {
            "type": 1,
            "bytes": "RNDaDQ=="
          }
        ]
      },
      {
        "pc": 53,
        "stack-additions": [
          {
            "type": 1,
            "bytes": "rXVgLA=="
          }
        ]
      },
      {
        "pc": 59,
        "stack-additions": [
          {
            "type": 2
          }
        ],
        "stack-pop-count": 2
      },
      {
        "pc": 60,
        "stack-pop-count": 1
      },
      {
        "pc": 63,
        "stack-additions": [
          {
            "type": 1,
            "bytes": "RNDaDQ=="
          }
        ]
      },
      {
        "pc": 66,
        "stack-additions": [
          {
            "type": 1,
            "bytes": "pM+N6g=="
          }
        ]
      },
      {
        "pc": 72,
        "stack-additions": [
          {
            "type": 2
          }
        ],
        "stack-pop-count": 2
      },
      {
        "pc": 73,
        "stack-pop-count": 1
      },
      {
        "pc": 76,
        "stack-additions": [
          {
            "type": 1,
            "bytes": "RNDaDQ=="
          }
        ]
      },
      {
        "pc": 79,
        "stack-additions": [
          {
            "type": 1,
            "bytes": "zsKDSg=="
          }
        ]
      },
      {
        "pc": 85,
        "stack-additions": [
          {
            "type": 2
          }
        ],
        "stack-pop-count": 2
      },
      {
        "pc": 86,
        "stack-pop-count": 1
      },
      {
        "pc": 89,
        "stack-additions": [
          {
            "type": 1,
            "bytes": "RNDaDQ=="
          }
        ]
      },
      {
        "pc": 92,
        "stack-additions": [
          {
            "type": 1,
            "bytes": "pLSiMA=="
          }
        ]
      },
      {
        "pc": 98,
        "stack-additions": [
          {
            "type": 2
          }
        ],
        "stack-pop-count": 2
      },
      {
        "pc": 99,
        "stack-pop-count": 1
      },
      {
        "pc": 102,
        "stack-additions": [
          {
            "type": 1,
            "bytes": "RNDaDQ=="
          }
        ]
      },
      {
        "pc": 105,
        "stack-additions": [
          {
            "type": 1,
            "bytes": "RNDaDQ=="
          }
        ]
      },
      {
        "pc": 111,
        "stack-additions": [
          {
            "type": 2,
            "uint": 1
          }
        ],
        "stack-pop-count": 2
      },
      {
        "pc": 112,
        "stack-pop-count": 1
      },
      {
        "pc": 341,
        "stack-additions": [
          {
            "type": 2
          }
        ]
      },
      {
        "pc": 343,
        "stack-additions": [
          {
            "type": 2
          }
        ]
      },
      {
        "pc": 344,
        "stack-additions": [
          {
            "type": 2,
            "uint": 1
          }
        ],
        "stack-pop-count": 2
      },
      {
        "pc": 345,
        "stack-additions": [
          {
            "type": 2,
            "uint": "APP_ID"
          }
        ]
      },
      {
        "pc": 347,
        "stack-additions": [
          {
            "type": 2
          }
        ]
      },
      {
        "pc": 348,
        "stack-additions": [
          {
            "type": 2,
            "uint": 1
          }
        ],
        "stack-pop-count": 2
      },
      {
        "pc": 349,
        "stack-additions": [
          {
            "type": 2,
            "uint": 1
          }
        ],
        "stack-pop-count": 2
      },
      {
        "pc": 350,
        "stack-pop-count": 1
      },
      {
        "pc": 351
      },
      {
        "pc": 1321
      },
      {
        "pc": 1324
      },
      {
        "pc": 881
      },
      {
        "pc": 884,
        "stack-additions": [
          {
            "type": 2
          }
        ]
      },
      {
        "pc": 885,
        "stack-pop-count": 1
      }
    ]
  },
  "appBudget": 48,
  "message": "transaction {TX_ID}: logic eval error: assert failed pc=885. Details: app={APP_ID}, pc=885, opcodes=proto 0 0; intc_0 // 0; assert"
}"
`;

exports[`application-client Errors Display nice error messages when there is a logic error 4`] = `
"INFO: Idempotently deploying app "TestingApp" from creator ACCOUNT_1 using 1498 bytes of teal code and 4 bytes of teal code
INFO: App TestingApp not found in apps created by ACCOUNT_1; deploying app with version 1.0.
INFO: Sent transaction ID TXID_1 appl from ACCOUNT_1
DEBUG: Created app APP_1 from creator ACCOUNT_1
INFO: Received error executing Atomic Transaction Composer, for more information enable the debug flag
DEBUG: Received error executing Atomic Transaction Composer and debug flag enabled; attempting simulation to get more information"
`;
