// Jest Snapshot v1, https://goo.gl/fbAQLP

exports[`deploy-app Deploy new app 1`] = `
"INFO: Idempotently deploying app "test" from creator ACCOUNT_1 using 1039 bytes of teal code and 39 bytes of teal code | []
INFO: App test not found in apps created by ACCOUNT_1; deploying app with version 1.0. | []
INFO: Sent transaction ID TXID_1 appl from ACCOUNT_1 | []
DEBUG: Created app APP_1 from creator ACCOUNT_1 | []"
`;
